#PVF_File

1
`StackableShop1.shp`
2
`EquipmentShop1.shp`
3
`EquipmentShop2.shp`
4
`EquipmentShop3.shp`
5
`StackableShop2.shp`
9
`Regacy1.shp`
11
`EquipmentShop5.shp`
13
`Regacy2.shp`
14
`Regacy3.shp`
15
`EquipmentShop7.shp`
16
`Magic2.shp`
17
`EquipmentShop8.shp`
20
`ItemProduct1.shp`
22
`CreatureShop.shp`
23
`Regacy4.shp`
24
`EquipmentShop12.shp`
25
`EquipmentShop13.shp`
26
`EquipmentShop14.shp`
27
`Regacy5.shp`
28
`EquipmentShop15.shp`
29
`Magic3.shp`
30
`EquipmentShop16.shp`
31
`EquipmentShop17.shp`
32
`Recipe2.shp`
33
`emblem.shp`
34
`EquipmentShop18.shp`
35
`Recipe3.shp`
37
`birken.shp`
38
`EquipmentShop19.shp`
39
`EquipmentShop20.shp`
43
`EquipmentShop24.shp`
44
`Regacy6.shp`
45
`EquipmentShop25.shp`
46
`StackableShop3.shp`
49
`RogerShop.shp`
50
`simona.shp`
53
`stackableshp28.shp`
54
`aska.shp`
55
`jun.shp`
56
`event_ChristmasShop.shp`
57
`BlueMarbleShop.shp`
58
`Siran.shp`
60
`nessman.shp`
62
`Wayne.shp`
63
`Iris2.shp`
64
`Abelro.shp`
68
`Zombie_And.shp`
69
`Zombie_Gran.shp`
71
`JoAnn.shp`
70
`EquipmentShop28.shp`
72
`Ludmila.shp`
73
`chobung.shp`
74
`haru.shp`
75
`Regacy7.shp`
76
`AdvanceAltar.shp`
77
`CoinShop.shp`
78
`space_event.shp`
79
`TeasingEvent.shp`
80
`Doll_Championship01.shp`
81
`Doll_Championship02.shp`
82
`82_Morgun.shp`
83
`83_Shailroc.shp`
84
`84_Kanna.shp`
85
`85_Isadora.shp`
86
`86_Mintai.shp`
87
`Viitala.shp`
88
`Albert.shp`
89
`Natalia.shp`
90
`Luther.shp`
94
`Abelro_normal.shp`
95
`95_Repair_Machine.shp`
96
`96_Repair_Machine.shp`
97
`97_Repair_Machine.shp`
98
`98_Repair_Machine.shp`
99
`99_Iris.shp`
101
`101_JoAnn_Box.shp`
102
`event_npc_idol.shp`
103
`Sizki.shp`
104
`event_npc_antony.shp`
105
`event_npc_bingo.shp`
106
`106_Dragon_shop.shp`
107
`naen_normal.shp`
108
`naen_raid.shp`
109
`wuun_normal.shp`
110
`wuun_raid.shp`
111
`event_npc_heromin.shp`
112
`112_Shaphron.shp`
113
`event_9th_chronicle.shp`
114
`14_priest_StudyEvent_big.shp`
115
`14_priest_StudyEvent_small.shp`
116
`event_npc_NFDay.shp`
117
`event_npc_KingofPick.shp`
118
`event_npc_sunung.shp`
119
`event_npc_wolflee.shp`
120
`event_npc_Nelios.shp`
121
`Hunter_Pon.shp`
122
`event_npc_Sesinevent_1.shp`
123
`event_npc_SAO_asuna.shp`
124
`event_npc_SDft.shp`
125
`EquipmentShop_dungeon_Event_Airi.shp`
126
`event_npc_SDaf.shp`
128
`event_hidden_shop1.shp`
129
`event_hidden_shop2.shp`
130
`event_hidden_shop3.shp`
131
`131_TC_Eastern_ATK.shp`
132
`132_TC_Eastern_DFN.shp`
133
`133_TC_Western_ATK.shp`
134
`134_TC_Western_DFN.shp`
135
`135_TC_Repair_Machine.shp`
136
`136_TC_Repair_Machine.shp`
139
`event_npc_10th_shop.shp`
127
`event_npc_Illusion.shp`
140
`event_npc_LongevitySymbol_1.shp`
141
`event_npc_halloween.shp`
142
`event_npc_15santa.shp`
146
`event_npc_SDdemoniclancer.shp`
147
`event_npc_Yundyrun.shp`
166
`event_npc_16_KingofPick.shp`
167
`event_npc_PocketCr.shp`
168
`event_npc_SDdemoniclancer2.shp`
169
`event_npc_8bit.shp`
170
`event_npc_R.shp`
171
`event_npc_coin.shp`
172
`event_npc_nobot.shp`
173
`event_npc_SD_lion.shp`
174
`event_npc_epicroad.shp`
175
`event_npc_AM_LesserPanda.shp`
176
`event_npc_soryu.shp`
143
`143_Repair_Machine.shp`
149
`Guild_Ahnde.shp`
150
`Guild_Reghin1.shp`
151
`Guild_Reghin2.shp`
152
`Guild_Reghin3.shp`
153
`Guild_Reghin4.shp`
154
`Guild_Reghin5.shp`
155
`Guild_Reghin6.shp`
156
`Guild_Reghin7.shp`
157
`Guild_Reghin8.shp`
158
`Guild_Reghin9.shp`
159
`Guild_Reghin10.shp`
201
`workshop.shp`
202
`workshop_2.shp`
203
`workshop_3.shp`
204
`workshop_4.shp`
205
`workshop_5.shp`
206
`workshop_6.shp`
207
`workshop_7.shp`
208
`workshop_8.shp`
209
`workshop_9.shp`
210
`workshop_10.shp`
211
`Pub.shp`
212
`Pub_2.shp`
213
`Pub_3.shp`
214
`Pub_4.shp`
215
`Pub_5.shp`
216
`Pub_6.shp`
217
`Pub_7.shp`
218
`Pub_8.shp`
219
`Pub_9.shp`
220
`Pub_10.shp`
221
`MagicShop.shp`
222
`MagicShop_2.shp`
223
`MagicShop_3.shp`
224
`MagicShop_4.shp`
225
`MagicShop_5.shp`
226
`MagicShop_6.shp`
227
`MagicShop_7.shp`
228
`MagicShop_8.shp`
229
`MagicShop_9.shp`
230
`MagicShop_10.shp`
231
`MechanicalShop.shp`
232
`MechanicalShop_2.shp`
233
`MechanicalShop_3.shp`
234
`MechanicalShop_4.shp`
235
`MechanicalShop_5.shp`
236
`MechanicalShop_6.shp`
237
`MechanicalShop_7.shp`
238
`MechanicalShop_8.shp`
239
`MechanicalShop_9.shp`
240
`MechanicalShop_10.shp`
241
`Agitwar_Reward.shp`
165
`Aliciaarden.shp`
180
`180_pc_cindy.shp`
181
`181_pc_windy.shp`
183
`183_Repair_Machine.shp`
1000
`EquipmentShop_dungeon1.shp`
1001
`EquipmentShop_deathtower.shp`
1002
`EquipmentShop_dungeon2.shp`
1003
`EquipmentShop_dungeon3.shp`
1004
`EquipmentShop_dungeon4.shp`
1005
`EquipmentShop_regen_dungeon.shp`
1006
`EquipmentShop_regen_dungeon01.shp`
1007
`EquipmentShop_regen_dungeon02.shp`
1008
`EquipmentShop_dungeon5.shp`
1009
`EquipmentShop_dungeon_ghost.shp`
1010
`event_npc_real_estate_0.shp`
1011
`event_npc_real_estate_1.shp`
1012
`EquipmentShop_Incubating.shp`
1118
`EquipmentShop_Bosstower.shp`
1200
`insfected_area_glandis.shp`
1201
`insfected_area_andrea.shp`
1202
`Ria_chn.shp`
1203
`chn_moon.shp`
1204
`chn_aska.shp`
1205
`chn_jun.shp`
1206
`chn_mago.shp`
1207
`chn_mago_normal.shp`
1208
`chn_father.shp`
1211
`chn_Monahun.shp`
1212
`chn_bonusshop.shp`
1213
`chn_magi_bankman.shp`
1214
`chn_tera.shp`
1215
`OneADayItemShop.shp`
1216
`chn_farmer.shp`
1217
`chn_trainshop.shp`
1222
`chn_xmas_shop.shp`
1225
`chn_circus_shop.shp`
1226
`chn_gold_man_1.shp`
1227
`chn_gold_man_2.shp`
1228
`chn_gold_man_3.shp`
1229
`chn_gold_man_4.shp`
1230
`chn_gold_man_5.shp`
1231
`chn_gold_man_town.shp`
1232
`chn_gold_man_legacy.shp`
1233
`chn_todayslucky_shop.shp`
1234
`chn_priest_shop.shp`
1236
`event_npc_majhong.shp`
1237
`chn_traditaional_day.shp`
1238
`chn_apri_fools_day.shp`
1241
`chn_son_is_where.shp`
1242
`gothloli_npc.shp`
1239
`chn_aircraft_shop.shp`
1240
`chn_fatigue_shop.shp`
1243
`phoenix_shop.shp`
1244
`chn_summer_shop.shp`
1245
`chn_shadow_shop.shp`
1246
`chn_cook.shp`
1250
`chn_summer_evening.shp`
1252
`chn_hermes_shop.shp`
1253
`chn_leave_travel.shp`
1254
`chn_Repair_Machine_kronos.shp`
1255
`chn_hotdeal_event.shp`
1257
`chn_pumkin_event.shp`
1258
`chn_special_gift_box.shp`
1259
`chn_lucky_of_pick.shp`
1260
`chn_fishing_fire_shop.shp`
1261
`chn_name_thief_of_christmas.shp`
1262
`chn_name_s_party.shp`
1263
`chn_name_monkeyking.shp`
1265
`chn_atswordman.shp`
1266
`chn_Repair_Machine_kurunmoon.shp`
1267
`chn_3kingdoms.shp`
1264
`chn_3kingdoms2.shp`
1268
`chn_laundry.shp`
1269
`chn_knight_ready.shp`
1272
`event_Fighter_and_Beantree.shp`
1274
`event_goldgoblin.shp`
1275
`chn_kanna.shp`
1270
`chn_mintai1.shp`
1271
`chn_mintai2.shp`
1276
`chn_guild_goblin.shp`
1277
`chn_dayofdungeon_shop.shp`
1278
`chn_nobless.shp`
1279
`chn_matan.shp`
1280
`chn_sd_demonicspearman_01.shp`
1281
`chn_ai_vs_user.shp`
1282
`chn_folk_legends.shp`
1283
`chn_drone_fishing.shp`
1284
`chn_sddemoniclancer.shp`
1285
`chn_you_are_my_8th_lucky_balloon.shp`
1286
`chn_sweety_8th_with_DNF.shp`
1287
`chn_dungeon_and_foodfighter.shp`
1288
`chn_sweety_8th_with_DNF_cotton.shp`
1289
`chn_sweety_8th_with_DNF _ice.shp`
1290
`chn_sweety_8th_with_DNF_pop.shp`
1292
`chn_copied_simona.shp`
1293
`chn_summer_shark.shp`
1291
`Zombie_dungeon_shop.shp`
1294
`RedBull_shop.shp`
1297
`chn_growth_weapon.shp`
1298
`chn_masang_shop.shp`
1295
`chn_0927_mage_shop01.shp`
1296
`chn_0927_mage_shop02.shp`
101200
`chn_0927_round_shop01.shp`
101201
`chn_0927_round_shop02.shp`
101202
`chn_0927_round_shop03.shp`
101203
`chn_0927_round_shop04.shp`
101204
`chn_0927_round_shop05.shp`
101205
`chn_0927_round_shop06.shp`
101206
`chn_0927_round_shop07.shp`
101207
`chn_0927_round_shop08.shp`
101209
`chn_halloween_express.shp`
101210
`event_npc_green_tea.shp`
101208
`chn_guildhongbao.shp`
101211
`event_npc_solo_day.shp`
101214
`event_rungame.shp`
101215
`chn_fishing_king.shp`
101216
`event_npc_christmas_isilien.shp`
101217
`event_npc_jewevent.shp`
101220
`chn_relaxation.shp`
101221
`vfan_shop1.shp`