#PVF_File

1
`Linus.npc`
2
`Seria.npc`
3
`Kanna.npc`
4
`Sinda.npc`
5
`Shusia.npc`
6
`Poongjin.npc`
7
`GSD.npc`
8
`Danjin.npc`
9
`Shylock.npc`
10
`Lorian.npc`
11
`Kagon.npc`
12
`Sharan.npc`
13
`Rothon.npc`
15
`Board.npc`
17
`Kiri.npc`
18
`Birken.npc`
19
`Ophelia.npc`
20
`Danjin1.npc`
21
`Danjin2.npc`
22
`Storage.npc`
23
`Birken2.npc`
24
`Breeze.npc`
25
`Gale.npc`
26
`Klonter.npc`
27
`Albert.npc`
28
`Iris.npc`
29
`Roger.npc`
30
`Daphne.npc`
31
`BQM.npc`
32
`PostBox.npc`
33
`Seagun.npc`
36
`Oran.npc`
37
`CokeVending.npc`
38
`Danjin3.npc`
39
`Mintai.npc`
40
`Orca.npc`
41
`Balena.npc`
42
`Rino.npc`
44
`Danjin4.npc`
45
`Grandis.npc`
55
`CupNoodleVending.npc`
56
`Marlene.npc`
57
`Verrickt.npc`
58
`Zeldin.npc`
59
`Melvin.npc`
60
`Marlene_arad.npc`
61
`Iris_heaven.npc`
62
`Officer.npc`
63
`Seria_tutorial.npc`
80
`Vendingmachine_pc.npc`
81
`Vendingmachine_5event.npc`
82
`Cerainven.npc`
83
`SeriaVending.npc`
84
`ChestNutTree.npc`
85
`HalloweenCaldron.npc`
86
`HalloweenWitch.npc`
87
`Gamble.npc`
88
`Vendingmachine_7event.npc`
90
`3thAniverssaryCake.npc`
91
`EventMessageBoard.npc`
92
`PowerWarRewardCharacterStatue1.npc`
93
`PowerWarRewardCharacterStatue2.npc`
94
`PowerWarRewardCharacterStatue3.npc`
95
`Glam_Rinwood_Hen.npc`
96
`Glam_Rinwood_War.npc`
97
`Veol_Caelow_Hen.npc`
98
`Veol_Caelow_War.npc`
99
`GuildStorage.npc`
1000
`Delilah.npc`
1001
`Drapyus.npc`
1002
`Gabriel.npc`
1003
`Gabriel_material.npc`
1004
`Gabriel_ancient.npc`
1005
`QuestNpc_botti.npc`
1006
`QuestNpc_moussam.npc`
1007
`QuestNpc_merman.npc`
1008
`cc_gsd.npc`
1009
`Albert_quest.npc`
1011
`aganzo.npc`
1012
`QuestNpc_hogas.npc`
1013
`QuestNpc_giselle.npc`
1014
`QuestNpc_astaroth.npc`
1015
`QuestNpc_shapiro.npc`
1016
`QuestNpc_nillbass.npc`
1017
`QuestNpc_iris.npc`
1018
`QuestNpc_bakal.npc`
1019
`QuestNpc_fairyseria.npc`
1020
`QuestNpc_umtara.npc`
1021
`QuestNpc_umtara_die.npc`
1022
`QuestNpc_siran.npc`
1023
`QuestNpc_iris1.npc`
1024
`quest_elf1.npc`
1025
`quest_elf2.npc`
1026
`quest_elf3.npc`
1027
`quest_elf4.npc`
1028
`quest_dark_iris1.npc`
1029
`quest_dark_iris2.npc`
1030
`QuestNpc_message.npc`
1031
`QuestNpc_seria.npc`
1032
`quest_girl.npc`
1033
`quest_ranje.npc`
1034
`quest_enjo.npc`
1035
`Delilah_tutorial.npc`
1036
`quest_dark.npc`
1037
`quest_creator.npc`
1038
`boss1_0.npc`
1039
`boss2_0.npc`
1040
`boss3_0.npc`
1041
`boss4_0.npc`
1042
`tu_01.npc`
1043
`tu_02.npc`
1044
`tu_cyrus.npc`
1045
`quest_michel.npc`
1046
`quest_Lobato.npc`
1047
`Quest_Orca.npc`
1048
`Quest_Bwanga.npc`
1049
`Quest_Seria.npc`
1050
`Quest_iilia.npc`
1057
`QuestNpc_agnes.npc`
1058
`QuestNpc_Yurgent.npc`
1059
`boss_Anton.npc`
1060
`boss_Mateka.npc`
1061
`ghost.npc`
1062
`Jaunbi_mirrorarad.npc`
1078
`Event_NPC_Airi.npc`
1079
`event_npc_real_estate_0.npc`
1080
`event_npc_real_estate_1.npc`
1125
`event_npc_TouLevel_1.npc`
1126
`event_npc_TouLevel_2.npc`
1127
`event_npc_15santa.npc`
1051
`Regen_Npc.npc`
1052
`herbert.npc`
1053
`johan_Regen_Npc.npc`
1054
`Regen_Npc01.npc`
1055
`JoAnn_Box.npc`
1056
`StationEscape2.npc`
1063
`QuestNpc_angelina.npc`
1064
`QuestNpc_nicolas.npc`
1065
`QuestNpc_ranjerus.npc`
1066
`QuestNpc_kingmerman.npc`
1067
`QuestNpc_woody.npc`
1068
`QuestNpc_reveca.npc`
1069
`quest_verrickt.npc`
1070
`Stray_Warriors2.npc`
1071
`quest_Beckey.npc`
1072
`quest_kain.npc`
1073
`quest_system.npc`
1074
`quest_sayoung.npc`
1075
`Luther2.npc`
1076
`GentNobless.npc`
1077
`Quest_schuman.npc`
1099
`QuestNpc_Widire.npc`
1113
`Quest_dragon1.npc`
1081
`Quest_dragon2.npc`
1082
`Quest_sky_noble1.npc`
1083
`Quest_sky_noble2.npc`
1084
`Quest_sky_noble3.npc`
1085
`Quest_leon.npc`
1086
`Quest_emily.npc`
1087
`Quest_emp_noble1.npc`
1088
`Quest_emp_soldier1.npc`
1090
`Quest_konrad.npc`
1091
`Quest_book.npc`
1092
`Quest_oldbook.npc`
1093
`Quest_lukas.npc`
1094
`Quest_voice_girl.npc`
1095
`Quest_voice_boy.npc`
1096
`Quest_people.npc`
1097
`Quest_dotter.npc`
1098
`Quest_grott.npc`
1112
`Quest_book2.npc`
1114
`Quest_goldclown.npc`
1115
`Quest_argos.npc`
1116
`Quest_mayween.npc`
1117
`Quest_young_Erze.npc`
1118
`Quest_young_zactor.npc`
1119
`Quest_young_meril.npc`
1120
`Quest_Viitala.npc`
1121
`Quest_young_yurgent.npc`
1122
`Quest_young_Bhan.npc`
1010
`Nea.npc`
1123
`Delilah_incubating.npc`
1124
`Repair_Machine_incubating.npc`
1130
`Gabriel_EpicPiece.npc`
64
`Minet.npc`
65
`WernVonnegut.npc`
66
`Twinky.npc`
67
`Shusia_PVP.npc`
68
`Hilder.npc`
69
`Seria_FairPVP.npc`
70
`Shusia_FairPVP.npc`
71
`Albert_FairPVP.npc`
72
`Simona.npc`
73
`Ajelia.npc`
74
`Runa.npc`
121
`event_dnf6thcake.npc`
10000
`DespairTower.npc`
10001
`PrivateStoreDoll.npc`
10002
`ExpertJobStoreDoll.npc`
10003
`HardcoreStatue1.npc`
10004
`HardcoreStatue2.npc`
10005
`HardcoreStatue3.npc`
76
`Niber.npc`
77
`Wayne.npc`
78
`Ria.npc`
79
`Nessman.npc`
122
`Woo.npc`
123
`Woo_arad.npc`
124
`Jun.npc`
125
`Aska.npc`
126
`Siran.npc`
127
`the_last_mehmet.npc`
128
`timegate_move.npc`
129
`requiem_move.npc`
130
`timegate_back.npc`
131
`requiem_back.npc`
132
`Iris2.npc`
133
`erje.npc`
134
`Iris3.npc`
135
`the_last_mehmet_tutorial.npc`
136
`WernVonnegut_slough.npc`
137
`kiriCargo.npc`
139
`Ajelia2.npc`
200
`ChristmasEvent2011_Santa.npc`
201
`ChristmasEvent2011_SeriaRoomTree.npc`
202
`ChristmasEvent2011_PlazaTree.npc`
203
`NewYearDragonEvent2012.npc`
204
`Bead.npc`
205
`BlueMarble_Dice.npc`
206
`Jean_Pierre.npc`
207
`Dimensions_Space.npc`
144
`Abelro.npc`
146
`JoAnn.npc`
147
`Ajelia_largus.npc`
148
`Skady.npc`
149
`Lobato.npc`
150
`Luther.npc`
154
`Ludmila.npc`
155
`Lowell.npc`
156
`Stray_Warriors.npc`
151
`Andrea.npc`
152
`Andrea1.npc`
153
`Grandis1.npc`
157
`Chobung.npc`
158
`Haru.npc`
159
`Chobung1.npc`
323
`sizki.npc`
324
`blast_furnace.npc`
325
`pvp_giftbox.npc`
2000
`Melvin2.npc`
2001
`erje2.npc`
3003
`Fairytale_Erza.npc`
3004
`Fairytale_Lucy.npc`
3005
`Fairytale_Natsu.npc`
3006
`TeasingEvent_GunnerPriest.npc`
3007
`Doll_Championship01.npc`
3008
`Doll_Championship02.npc`
3010
`LesserPanda.npc`
3011
`NPC_AtSwordman.npc`
3012
`event_npc_gg.npc`
3013
`Mannequin_rare_9th.npc`
3014
`2013_teasing_knight_big.npc`
3015
`2013_teasing_knight_small.npc`
3016
`event_npc_idol.npc`
3017
`event_npc_KingOfPick.npc`
3018
`event_npc_antony.npc`
3019
`event_npc_sdgunner.npc`
3020
`event_npc_nobot.npc`
3021
`event_npc_sewol_panel.npc`
3022
`event_npc_bingo.npc`
3023
`event_npc_worldcup.npc`
3024
`event_npc_heromin1.npc`
208
`event_npc_heromin2.npc`
3026
`event_9th_chronicle.npc`
3027
`event_npc_sdmage.npc`
3028
`event_npc_HellBuff.npc`
3029
`event_npc_sdpriest.npc`
3030
`14_priest_StudyEvent_big.npc`
3031
`14_priest_StudyEvent_small.npc`
3032
`event_npc_NFDay.npc`
3033
`14event_sunung.npc`
3034
`event_npc_hanrabong.npc`
3035
`event_npc_sdgg.npc`
3036
`WolfLee.npc`
3037
`event_npc_Nelios.npc`
3038
`event_npc_SheepfarmGate.npc`
3039
`event_npc_SheepfarmSheep.npc`
3040
`event_npc_Sesinevent_1.npc`
3041
`event_npc_Sesinevent_2.npc`
3043
`event_npc_SAO_suguha.npc`
3044
`event_npc_SDft.npc`
3045
`event_npc_sdthief.npc`
3046
`event_npc_SDaf.npc`
3047
`event_npc_DNFPuzzle.npc`
3049
`event_hidden_Beckey.npc`
3050
`event_hidden_duck.npc`
3051
`event_hidden_clara.npc`
3052
`event_hidden_Jelluce.npc`
3053
`event_hidden_Soldo.npc`
3054
`event_hidden_Rabon.npc`
3055
`event_hidden_Michaela.npc`
3056
`event_hidden_Bentinck.npc`
3057
`event_hidden_Hotaru.npc`
3058
`event_hidden_noname.npc`
3071
`event_hidden_shop1.npc`
3072
`event_hidden_shop2.npc`
3073
`event_hidden_shop3.npc`
3076
`event_npc_SDatswordman.npc`
3079
`event_npc_SDknight.npc`
3081
`event_npc_Yundyrun.npc`
3082
`event_npc_16_KingOfPick_1.npc`
3083
`event_npc_16_KingOfPick_2.npc`
3084
`Pcroom_Cindy.npc`
3085
`Pcroom_Windy.npc`
3086
`event_npc_SDdemoniclancer_2.npc`
3087
`event_npc_PocketCr.npc`
3088
`event_npc_8bit.npc`
3089
`event_npc_8bit_seria.npc`
3090
`event_npc_R.npc`
3091
`event_npc_SD_lion.npc`
3092
`event_npc_coin.npc`
3093
`event_npc_AM_Warp.npc`
3094
`event_npc_AM_LesserPanda.npc`
3095
`event_npc_AM_Warp.npc`
3096
`event_npc_soryu.npc`
160
`Danjin5.npc`
161
`AdvanceAltar.npc`
165
`CoinShop.npc`
301
`Morgan.npc`
302
`Viitala.npc`
303
`Meia.npc`
304
`Shaphron.npc`
305
`Peris.npc`
306
`Isadora.npc`
307
`Vanjelis.npc`
308
`Npc_Aganzo.npc`
309
`Bwanga.npc`
310
`Monahun.npc`
311
`Natalia.npc`
312
`Kagon_arad.npc`
313
`Ludmila_Arad.npc`
314
`Board_Rank.npc`
318
`anise.npc`
322
`job_anise.npc`
317
`Repair_Machine_Arad.npc`
319
`Repair_Machine_Heaven.npc`
320
`Repair_Machine_Shonan.npc`
321
`Repair_Machine_SaintHorn.npc`
326
`npc_naen.npc`
327
`npc_zactor.npc`
328
`wuun.npc`
329
`Niber_Anton.npc`
330
`Hiram.npc`
331
`Dana.npc`
332
`naen_normal.npc`
335
`zactor_normal.npc`
336
`wuun_normal.npc`
337
`Niber_Anton_normal.npc`
338
`Hiram_normal.npc`
339
`naen_event.npc`
340
`Repair_Machine_Noblesky_raid.npc`
341
`Repair_Machine_Noblesky_normal.npc`
333
`Backmyoung.npc`
334
`Guloon.npc`
342
`342_Hartz_Von_Kruger_Arad.npc`
343
`343_Hartz_Von_Kruger_Jelva.npc`
344
`344_Jurgen.npc`
345
`345_Cyrus.npc`
346
`346_Isabella.npc`
347
`347_Merill_Pioneer.npc`
348
`348_Hunter_Pon.npc`
349
`349_Azalea_Lott.npc`
352
`352_Roi_Hartwig.npc`
353
`353_Erika.npc`
354
`Repair_Machine_Devildom_Entrance.npc`
357
`Skady2.npc`
501
`guard_underfoot.npc`
503
`guard_silver.npc`
504
`guard_silver2.npc`
505
`guard_underfoot2.npc`
506
`guard_behi.npc`
507
`guard_behi2.npc`
508
`guard_sewer.npc`
509
`guard_sewer2.npc`
510
`guard_shelter.npc`
511
`guard_shelter2.npc`
512
`guard_gent.npc`
513
`guard_gent2.npc`
514
`guard_luft.npc`
515
`guard_luft2.npc`
516
`guard_shonan.npc`
517
`guard_shonan2.npc`
518
`guard_zelva.npc`
519
`guard_zelva2.npc`
358
`358_Bhan_Underfoot.npc`
359
`359_Luther3.npc`
360
`360_Hartz_Von_Kruger_meltdown.npc`
361
`361_Bhan_Behimos.npc`
362
`362_Bhan_Gent.npc`
363
`363_Aganzo_Behimos.npc`
355
`Kagon_mirrorarad.npc`
356
`Mintai_mirrorarad.npc`
364
`event_npc_SAO_asuna.npc`
374
`event_npc_10th_shop.npc`
375
`Repair_Machine_Shonan_Hell.npc`
378
`Upgrade_Machine_Guild_Agit.npc`
379
`Genuine_Machine_Guild_Agit.npc`
381
`Repair_Machine_SaintHorn_under.npc`
382
`Guild_Ahnde.npc`
383
`Guild_Reghin.npc`
384
`Highmore.npc`
385
`Aliciaarden.npc`
386
`Repair_Machine_GuildAgit.npc`
387
`MechanicalShop.npc`
388
`MagicShop.npc`
389
`Pub.npc`
390
`workshop.npc`
391
`MechanicalShop_1.npc`
392
`MechanicalShop_2.npc`
393
`MechanicalShop_3.npc`
394
`MechanicalShop_4.npc`
395
`MechanicalShop_5.npc`
396
`MechanicalShop_6.npc`
397
`MechanicalShop_7.npc`
398
`MechanicalShop_8.npc`
399
`MechanicalShop_9.npc`
400
`MechanicalShop_10.npc`
401
`MagicShop_1.npc`
402
`MagicShop_2.npc`
403
`MagicShop_3.npc`
404
`MagicShop_4.npc`
405
`MagicShop_5.npc`
406
`MagicShop_6.npc`
407
`MagicShop_7.npc`
408
`MagicShop_8.npc`
409
`MagicShop_9.npc`
410
`MagicShop_10.npc`
411
`Pub_1.npc`
412
`Pub_2.npc`
413
`Pub_3.npc`
414
`Pub_4.npc`
415
`Pub_5.npc`
416
`Pub_6.npc`
417
`Pub_7.npc`
418
`Pub_8.npc`
419
`Pub_9.npc`
420
`Pub_10.npc`
421
`workshop_1.npc`
422
`workshop_2.npc`
423
`workshop_3.npc`
424
`workshop_4.npc`
425
`workshop_5.npc`
426
`workshop_6.npc`
427
`workshop_7.npc`
428
`workshop_8.npc`
429
`workshop_9.npc`
430
`workshop_10.npc`
431
`silvercrownTree_1.npc`
432
`silvercrownTree_2.npc`
433
`silvercrownTree_3.npc`
434
`silvercrownTree_4.npc`
435
`silvercrownTree_5.npc`
436
`silvercrownTree_6.npc`
437
`silvercrownTree_7.npc`
438
`silvercrownTree_8.npc`
439
`silvercrownTree_9.npc`
440
`silvercrownTree_10.npc`
441
`silvercrownTree.npc`
442
`Agitwar_Guard.npc`
443
`Agitwar_Reward.npc`
450
`acto_pvp_board.npc`
444
`Leno.npc`
110
`chn_darknight.npc`
112
`chn_high_class_Vendingmachine.npc`
113
`chn_Move_area_ShonanToSeatrain.npc`
114
`chn_Move_area_ShonanToPowerStation.npc`
115
`chn_Move_area_SeatrainToShonan.npc`
116
`chn_Move_area_PowerStationToShonan.npc`
119
`chn_Fishing.npc`
1100
`chn_moon.npc`
1101
`chn_event_midautumn_day_130903.npc`
1102
`chn_petit_correggio.npc`
1103
`chn_gold_man_1.npc`
1104
`chn_gold_man_2.npc`
1105
`chn_gold_man_3.npc`
1106
`chn_gold_man_4.npc`
1107
`chn_gold_man_5.npc`
1108
`chn_npc_guild_Goldgoblin.npc`
20001
`chn_Move_area_ElventoGent.npc`
20002
`chn_Move_area_ElventoStom.npc`
20003
`chn_Move_area_StomtoGent.npc`
20004
`chn_Move_area_StomtoElven.npc`
20005
`chn_Move_area_GenttoElven.npc`
20006
`chn_Move_area_GenttoStom.npc`
20007
`chn_tv.npc`
20008
`chn_Aska.npc`
20009
`chn_Jun.npc`
20010
`chn_words_of_blessing_box_01.npc`
20011
`chn_mago.npc`
20012
`chn_coupleroom_Tree.npc`
20013
`chn_father.npc`
20014
`chn_father_inside.npc`
20015
`chn_words_of_blessing_box_02.npc`
20016
`chn_michaela.npc`
20017
`chn_UFO.npc`
20020
`chn_billboard.npc`
20022
`chn_promotion.npc`
20023
`chn_composecard_stone.npc`
20024
`chn_eco_machine.npc`
20025
`chn_event_npc_Pick.npc`
20026
`chn_musambani_posion_01.npc`
20027
`chn_musambani_posion_02.npc`
20028
`chn_musambani_posion_03.npc`
20029
`chn_musambani_posion_04.npc`
20031
`Morgan_a.npc`
20032
`Viitala_a.npc`
20033
`Peris_a.npc`
20034
`Isadora_a.npc`
20035
`Vanjelis_a.npc`
20036
`Monahun_a.npc`
20037
`Abelro_a.npc`
20038
`Lowell_a.npc`
20041
`chn_event_npc_sdgunner.npc`
20045
`chn_bonusshop.npc`
20042
`chn_npc_quickslot.npc`
20046
`chn_event_npc_sdmage.npc`
20047
`chn_npc_magi_bankman.npc`
20048
`chn_sword.npc`
20049
`chn_knight_small.npc`
20050
`chn_National_Daily.npc`
20051
`chn_farmer.npc`
20052
`chn_eventsign.npc`
20053
`chn_eventshop.npc`
20056
`chn_soloday.npc`
20059
`chn_kunoichi.npc`
20057
`chn_circus_tent.npc`
20058
`chn_circus_man.npc`
20060
`chn_circus_tent1.npc`
20061
`chn_gold_man_town.npc`
20062
`chn_gold_man_legacy.npc`
20063
`chn_priest_shop.npc`
20064
`chn_event_Machine_SaintHorn.npc`
20065
`chn_login_nugol.npc`
20066
`chn_mahjong.npc`
20067
`chn_traditional_day.npc`
20068
`congcong2.npc`
20071
`PostBox_ad.npc`
20072
`Storage_ad.npc`
20074
`Runa_ad.npc`
20078
`gothloli_seria.npc`
20079
`gothloli_npc.npc`
20076
`chn_laborday.npc`
20080
`chn_charon.npc`
20081
`chn_dimension_door.npc`
20082
`chn_message_board.npc`
20083
`chn_charon_sub.npc`
20069
`chn_carrier_black.npc`
20070
`chn_carrier_decoy.npc`
20077
`chn_fatigue_shop.npc`
20084
`buff_slot.npc`
20085
`buff_slot2.npc`
20086
`buff_slot3.npc`
20087
`chn_phoenix_event.npc`
20088
`chn_ice_shop.npc`
20089
`chn_ancient.npc`
20090
`chn_cook.npc`
20101
`chn_epic_tomb.npc`
20102
`chn_summer_evening.npc`
20105
`chn_mysterious_field.npc`
20106
`chn_leave_travel.npc`
20091
`chn_kronos_move.npc`
20092
`chn_kronos_hermes.npc`
20093
`chn_kronos_4_hades_1.npc`
20094
`chn_kronos_1_athena.npc`
20095
`chn_kronos_2_zeus.npc`
20096
`chn_kronos_3_poseidon.npc`
20097
`chn_kronos_4_hades.npc`
20098
`chn_kronos_5_hera.npc`
20099
`Repair_Machine_kronos.npc`
20107
`chn_thief_2nd_awaken_NPC.npc`
20113
`chn_fighting.npc`
20108
`chn_pumpkin_knight.npc`
20109
`chn_pumpkin.npc`
20110
`chn_showhost_NPC.npc`
20111
`chn_tv_NPC.npc`
20112
`chn_circus_ringring.npc`
20114
`chn_at_fighter_2nd_awaken_NPC.npc`
20115
`chn_special_gift_box.npc`
20116
`event_npc_luckyOfPick.npc`
20117
`Nea_event.npc`
20129
`chn_fishing_fire.npc`
20130
`ChristmasEvent2015_Santa.npc`
20131
`ChristmasEvent2015_PlazaTree.npc`
20132
`event_npc_golden_egg.npc`
20133
`chn_at_mage_2nd_awaken_NPC.npc`
20134
`chn_event_monkeyking.npc`
20135
`chn_event_monkeyking_king.npc`
20138
`Repair_Machine_kurunmoon.npc`
20118
`chn_3kingdoms_enter.npc`
20119
`chn_3kingdoms_return.npc`
20137
`chn_event_npc_battle_threekingdoms.npc`
20121
`chn_three_joun.npc`
20122
`chn_3king_jangbi.npc`
20123
`chn_laborday2.npc`
20124
`chn_youbi.npc`
20139
`chn_laundry.npc`
20145
`chn_event_2016_Fighter_and_Beantree.npc`
20146
`chn_event_NPC_AtSwordman.npc`
20147
`chn_event_npc_Goldgoblin.npc`
20140
`chn_princess_enter.npc`
20141
`chn_princess_return.npc`
20142
`chn_princess_shop.npc`
20143
`chn_princess_event1.npc`
20149
`chn_princess_event3.npc`
20150
`chn_princess_event4.npc`
20151
`chn_princess_event5.npc`
20148
`chn_guild_roulette.npc`
20152
`chn_npc_Dayofthedungeon.npc`
20153
`chn_seven_girl.npc`
20154
`chn_matan.npc`
20156
`chn_sd_spearman_01.npc`
20157
`chn_ai_vs_user.npc`
20171
`folk_npc.npc`
20172
`drone_fishing_fire.npc`
20173
`drone_fishing_drone.npc`
20155
`chn_event_dungeon_and_foodfighter.npc`
20174
`chn_event_sddemoniclancer.npc`
20175
`chn_event_160616_8th_Lucky_balloon.npc`
20176
`chn_event_160616_sweety_8th_with_DNF.npc`
20177
`chn_event_160616_8th_cotton_candy_shop.npc`
20178
`chn_event_160616_8th_IceCream_shop.npc`
20179
`chn_event_160616_8th_popcorn_shop.npc`
20183
`chn_event_160714_copied_simona_shop.npc`
20184
`chn_summer_shark.npc`
20180
`chn_zombie_dungeon_monie.npc`
20181
`chn_zombie_dungeon_move.npc`
20182
`guard_zombie_dungeon.npc`
20186
`chn_growth_weapon.npc`
20188
`chn_gold_man_legacy_Slotmachine.npc`
20187
`chn_masang.npc`
20158
`chn_mage_seria.npc`
20159
`chn_mage_camelot.npc`
20160
`chn_table_lancelot.npc`
20161
`chn_table_tristan.npc`
20162
`chn_table_percival.npc`
20163
`chn_table_loen.npc`
20164
`chn_table_galer.npc`
20165
`chn_table_hidden.npc`
20166
`chn_table_arther.npc`
20168
`chn_table_bedivere.npc`
20169
`chn_table_gawain.npc`
20170
`chn_table_morgana.npc`
20144
`chn_table_mordred.npc`
20189
`chn_strengthen_time_dummy.npc`
20191
`chn_pumpkin_express.npc`
20193
`event_npc_green_tea.npc`
20195
`chn_event_soloday_event2.npc`
20192
`chn_guildhongbao_rai.npc`
20203
`chn_event_cecil.npc`
20204
`fishing_king_king.npc`
20205
`fishing_king_pond.npc`
20206
`chn_event_161215_christmas_isilien.npc`
20208
`jewelry_battle.npc`
20212
`chn_relaxation.npc`
20214
`chn_event_nengano_cecil.npc`
90001
`vfan01.npc`